../Core/Src/main.c:93:5:main	24	static
../Core/Src/main.c:184:6:SystemClock_Config	88	static
../Core/Src/main.c:230:13:MX_CRC_Init	8	static
../Core/Src/main.c:256:13:MX_DMA2D_Init	8	static
../Core/Src/main.c:293:13:MX_I2C3_Init	8	static
../Core/Src/main.c:341:13:MX_LTDC_Init	64	static
../Core/Src/main.c:403:13:MX_SPI5_Init	8	static
../Core/Src/main.c:441:13:MX_TIM1_Init	32	static
../Core/Src/main.c:487:13:MX_TIM7_Init	16	static
../Core/Src/main.c:525:13:MX_USART1_UART_Init	8	static
../Core/Src/main.c:554:13:MX_FMC_Init	40	static
../Core/Src/main.c:605:13:MX_GPIO_Init	64	static
../Core/Src/main.c:702:6:StartDefaultTask	16	static
../Core/Src/main.c:723:6:HAL_TIM_PeriodElapsedCallback	16	static
../Core/Src/main.c:740:6:Error_Handler	4	static,ignoring_inline_asm
